[29424] 2026/10/03 15:31:29.103370 [INF] Starting nats-server
[29424] 2026/10/03 15:31:29.106084 [INF]   Version:  2.10.22
[29424] 2026/10/03 15:31:29.106093 [INF]   Git:      [240e9a4]
[29424] 2026/10/03 15:31:29.106097 [INF]   Name:     NAB2JR2ICNNASWY3ADED5T6KMUMQRPI75NFJMLFI42VB37FCPAOFNLCL
[29424] 2026/10/03 15:31:29.106113 [INF]   Node:     v0Rsu0Dc
[29424] 2026/10/03 15:31:29.106116 [INF]   ID:       NAB2JR2ICNNASWY3ADED5T6KMUMQRPI75NFJMLFI42VB37FCPAOFNLCL
[29424] 2026/10/03 15:31:29.106160 [INF] Using configuration file: /tmp/tmp.nVyIKlK5T7/nats.conf
[29424] 2026/10/03 15:31:29.107857 [INF] Starting JetStream
[29424] 2026/10/03 15:31:29.108164 [INF]     _ ___ _____ ___ _____ ___ ___   _   __  __
[29424] 2026/10/03 15:31:29.108180 [INF]  _ | | __|_   _/ __|_   _| _ \ __| /_\ |  \/  |
[29424] 2026/10/03 15:31:29.108183 [INF] | || | _|  | | \__ \ | | |   / _| / _ \| |\/| |
[29424] 2026/10/03 15:31:29.108186 [INF]  \__/|___| |_| |___/ |_| |_|_\___/_/ \_\_|  |_|
[29424] 2026/10/03 15:31:29.108188 [INF] 
[29424] 2026/10/03 15:31:29.108191 [INF]          https://docs.nats.io/jetstream
[29424] 2026/10/03 15:31:29.108194 [INF] 
[29424] 2026/10/03 15:31:29.108196 [INF] ---------------- JETSTREAM ----------------
[29424] 2026/10/03 15:31:29.108202 [INF]   Max Memory:      11.79 GB
[29424] 2026/10/03 15:31:29.108205 [INF]   Max Storage:     4.00 GB
[29424] 2026/10/03 15:31:29.108208 [INF]   Store Directory: "/tmp/tmp.nVyIKlK5T7/nats-data/jetstream"
[29424] 2026/10/03 15:31:29.108210 [INF] -------------------------------------------
[29424] 2026/10/03 15:31:29.109652 [INF] Listening for client connections on 0.0.0.0:14222
[29424] 2026/10/03 15:31:29.109890 [INF] Server is ready
[29424] 2026/10/03 15:31:29.305489 [ERR] 127.0.0.1:37996 - cid:5 - Client parser ERROR, state=0, i=0: proto='""...'
[29424] 2026/10/03 15:33:01.070898 [INF] Initiating Shutdown...
[29424] 2026/10/03 15:33:01.070947 [INF] Initiating JetStream Shutdown...
[29424] 2026/10/03 15:33:01.071298 [INF] JetStream Shutdown
[29424] 2026/10/03 15:33:01.071358 [INF] Server Exiting..
