[23844] 2026/10/03 15:21:14.936230 [INF] Starting nats-server
[23844] 2026/10/03 15:21:14.939298 [INF]   Version:  2.10.22
[23844] 2026/10/03 15:21:14.939305 [INF]   Git:      [240e9a4]
[23844] 2026/10/03 15:21:14.939308 [INF]   Name:     NATYGZFNTRDHWLR5MEUDTTFVBKNL5BL2MBHOLMQWWQUPV3W4WW4PSW57
[23844] 2026/10/03 15:21:14.939316 [INF]   Node:     wjCl87bN
[23844] 2026/10/03 15:21:14.939319 [INF]   ID:       NATYGZFNTRDHWLR5MEUDTTFVBKNL5BL2MBHOLMQWWQUPV3W4WW4PSW57
[23844] 2026/10/03 15:21:14.939351 [INF] Using configuration file: /tmp/tmp.uvwNk0xg7r/nats.conf
[23844] 2026/10/03 15:21:14.941795 [INF] Starting JetStream
[23844] 2026/10/03 15:21:14.942360 [INF]     _ ___ _____ ___ _____ ___ ___   _   __  __
[23844] 2026/10/03 15:21:14.942437 [INF]  _ | | __|_   _/ __|_   _| _ \ __| /_\ |  \/  |
[23844] 2026/10/03 15:21:14.942441 [INF] | || | _|  | | \__ \ | | |   / _| / _ \| |\/| |
[23844] 2026/10/03 15:21:14.942443 [INF]  \__/|___| |_| |___/ |_| |_|_\___/_/ \_\_|  |_|
[23844] 2026/10/03 15:21:14.942445 [INF] 
[23844] 2026/10/03 15:21:14.942447 [INF]          https://docs.nats.io/jetstream
[23844] 2026/10/03 15:21:14.942448 [INF] 
[23844] 2026/10/03 15:21:14.942450 [INF] ---------------- JETSTREAM ----------------
[23844] 2026/10/03 15:21:14.942455 [INF]   Max Memory:      11.79 GB
[23844] 2026/10/03 15:21:14.942458 [INF]   Max Storage:     4.00 GB
[23844] 2026/10/03 15:21:14.942462 [INF]   Store Directory: "/tmp/tmp.uvwNk0xg7r/nats-data/jetstream"
[23844] 2026/10/03 15:21:14.942464 [INF] -------------------------------------------
[23844] 2026/10/03 15:21:14.944536 [INF] Listening for client connections on 0.0.0.0:14222
[23844] 2026/10/03 15:21:14.945495 [INF] Server is ready
[23844] 2026/10/03 15:21:15.106898 [ERR] 127.0.0.1:38272 - cid:5 - Client parser ERROR, state=0, i=0: proto='""...'
[23844] 2026/10/03 15:28:38.953617 [INF] Initiating Shutdown...
[23844] 2026/10/03 15:28:38.953672 [INF] Initiating JetStream Shutdown...
[23844] 2026/10/03 15:28:38.954492 [INF] JetStream Shutdown
[23844] 2026/10/03 15:28:38.954655 [INF] Server Exiting..
